// Jest Snapshot v1, https://goo.gl/fbAQLP

exports[`Router Detail renders correctly 1`] = `
<DocumentFragment>
  <div
    class="flex flex-col"
  >
    <div
      class="flex justify-end font-semibold pt-2"
    >
      <button
        class="bg-brand text-white
 py-2 px-4 rounded-sm hover:brightness-110"
      >
        수정
      </button>
      <button
        class="bg-brand text-white
 py-2 px-4 rounded-sm hover:brightness-110"
      >
        삭제
      </button>
    </div>
    <div
      class="p-2"
    >
      <h1
        class="text-2xl py-2"
      >
        title
      </h1>
      <hr />
      <span
        class="whitespace-pre "
      >
        description
      </span>
      <div
        class="flex items-center justify-evenly my-2"
      >
        <div>
          <span
            class="text-brand font-bold"
          >
            국가: 
          </span>
        </div>
        <div>
          <span
            class="text-brand font-bold"
          >
            주요 지역: 
          </span>
        </div>
        <div>
          <span
            class="text-brand font-bold"
          >
            시기: 
          </span>
           ~ 월
        </div>
      </div>
      <hr />
      <div />
    </div>
  </div>
</DocumentFragment>
`;
