// Jest Snapshot v1, https://goo.gl/fbAQLP

exports[`RouteCard renders correctly 1`] = `
<DocumentFragment>
  <li
    class="round-lg shadow-lg overflow-hidden cursor-pointer hover:shadow-sm"
  >
    <div
      class="px-1 text-xl overflow-hidden overflow-ellipsis whitespace-nowrap flex justify-between mx-2"
    >
      <div>
        <span />
        <span />
        <span
          class="pl-3"
        />
        ~
        <span />
      </div>
      <span>
        title
      </span>
      <span>
        23/04/06
      </span>
    </div>
  </li>
</DocumentFragment>
`;
