// Jest Snapshot v1, https://goo.gl/fbAQLP

exports[`Routes renders correctly 1`] = `
<DocumentFragment>
  <table
    class="min-w-full text-center text-sm font-light"
  >
    <colgroup>
      <col
        width="5%"
      />
      <col
        width="5%"
      />
      <col
        width="5%"
      />
      <col
        width="50%"
      />
      <col
        width="10%"
      />
      <col
        width="10%"
      />
    </colgroup>
    <thead
      class="border-b bg-neutral-50 font-medium dark:border-neutral-500 dark:text-neutral-800"
    >
      <tr>
        <th
          class="px-1 py-4"
          scope="col"
        >
          국가
        </th>
        <th
          class="px-1 py-4"
          scope="col"
        >
          지역
        </th>
        <th
          class="px-1 py-4"
          scope="col"
        >
          기간
        </th>
        <th
          class="px-1 py-4"
          scope="col"
        >
          제목
        </th>
        <th
          class="px-1 py-4"
          scope="col"
        >
          작성일
        </th>
        <th
          class="px-1 py-4"
          scope="col"
        >
          추천
        </th>
      </tr>
    </thead>
    <tbody>
      <tr
        class="border-b dark:border-neutral-500"
      >
        <td
          class="whitespace-nowrap px-1 py-2"
        />
        <td
          class="whitespace-nowrap px-1 py-2"
        />
        <td
          class="whitespace-nowrap px-1 py-2"
        >
           ~ 월
        </td>
        <td
          class=" overflow-hidden px-2 py-4 text-left text-ellipsis whitespace-nowrap"
          style="max-width: 250px;"
        >
          <span
            class="cursor-pointer hover:underline"
          >
            title1
          </span>
        </td>
        <td
          class="whitespace-nowrap px-2 py-2"
        >
          23/03/27
        </td>
        <td
          class="whitespace-nowrap  px-2 py-2"
        >
          0
        </td>
      </tr>
      <tr
        class="border-b dark:border-neutral-500"
      >
        <td
          class="whitespace-nowrap px-1 py-2"
        />
        <td
          class="whitespace-nowrap px-1 py-2"
        />
        <td
          class="whitespace-nowrap px-1 py-2"
        >
           ~ 월
        </td>
        <td
          class=" overflow-hidden px-2 py-4 text-left text-ellipsis whitespace-nowrap"
          style="max-width: 250px;"
        >
          <span
            class="cursor-pointer hover:underline"
          >
            title2
          </span>
        </td>
        <td
          class="whitespace-nowrap px-2 py-2"
        >
          23/03/27
        </td>
        <td
          class="whitespace-nowrap  px-2 py-2"
        >
          0
        </td>
      </tr>
    </tbody>
  </table>
</DocumentFragment>
`;
